Create directory /tmp/gate_b_discovery_grouping_k4qb1c52/run_1/tmp
easy-cluster /tmp/gate_b_discovery_grouping_k4qb1c52/discovery_278.fasta /tmp/gate_b_discovery_grouping_k4qb1c52/run_1/clusters /tmp/gate_b_discovery_grouping_k4qb1c52/run_1/tmp --min-seq-id 0.30 -c 0.80 --cov-mode 1 --cluster-mode 0 -s 7.5 --threads 8 

MMseqs Version:                            	eec9c354be4276d2373996af2e50808b1390d527
Substitution matrix                        	aa:blosum62.out,nucl:nucleotide.out
Seed substitution matrix                   	aa:VTML80.out,nucl:nucleotide.out
Sensitivity                                	7.5
k-mer length                               	0
Target search mode                         	0
k-score                                    	seq:2147483647,prof:2147483647
Alphabet size                              	aa:21,nucl:5
Max sequence length                        	65535
Max results per query                      	20
Split database                             	0
Split mode                                 	2
Split memory limit                         	0
Coverage threshold                         	0.8
Coverage mode                              	1
Compositional bias                         	1
Compositional bias scale                   	1
Diagonal scoring                           	true
Exact k-mer matching                       	0
Mask residues                              	1
Mask residues probability                  	0.9
Mask lower case residues                   	0
Mask lower letter repeating N times        	0
Minimum diagonal score                     	15
Selected taxa                              	
Include identical seq. id.                 	false
Spaced k-mers                              	1
Preload mode                               	0
Pseudo count a                             	substitution:1.100,context:1.400
Pseudo count b                             	substitution:4.100,context:5.800
Spaced k-mer pattern                       	
Local temporary path                       	
Threads                                    	8
Compressed                                 	0
Verbosity                                  	3
Add backtrace                              	false
Alignment mode                             	3
Alignment mode                             	0
Allow wrapped scoring                      	false
E-value threshold                          	0.001
Seq. id. threshold                         	0.3
Min alignment length                       	0
Seq. id. mode                              	0
Alternative alignments                     	0
Max reject                                 	2147483647
Max accept                                 	2147483647
Score bias                                 	0
Realign hits                               	false
Realign score bias                         	-0.2
Realign max seqs                           	2147483647
Correlation score weight                   	0
Gap open cost                              	aa:11,nucl:5
Gap extension cost                         	aa:1,nucl:2
Zdrop                                      	40
Rescore mode                               	0
Remove hits by seq. id. and coverage       	false
Sort results                               	0
Cluster mode                               	0
Max connected component depth              	1000
Similarity type                            	2
Weight file name                           	
Cluster Weight threshold                   	0.9
Set mode                                   	false
Single step clustering                     	false
Cascaded clustering steps                  	3
Cluster reassign                           	false
Remove temporary files                     	true
Force restart with latest tmp              	false
MPI runner                                 	
Cluster version                            	1
k-mers per sequence                        	21
Scale k-mers per sequence                  	aa:0.000,nucl:0.200
Adjust k-mer length                        	false
Shift hash                                 	67
Include only extendable                    	false
Skip repeating k-mers                      	false
Include count table                        	true
Number of count table based center swapping	2
Include adjacency based center swapping    	true
Number of adjacency based center swapping  	3
Use parallelism                            	false
Linclust version                           	2
Filter cluDB file                          	
Filter seqDB file                          	
Switch to consensus representatives        	false
Cluster hash                               	false
Database type                              	0
Shuffle input database                     	true
Createdb mode                              	1
Write lookup file                          	0
Offset of numeric ids                      	0
Use GPU                                    	0

createdb /tmp/gate_b_discovery_grouping_k4qb1c52/discovery_278.fasta /tmp/gate_b_discovery_grouping_k4qb1c52/run_1/tmp/2927722699995099856/input --createdb-mode 1 --write-lookup 0 --threads 8 

Shuffle database cannot be combined with --createdb-mode 1
We recompute with --shuffle 0
Converting sequences
[
Time for merging to input_h: 0h 0m 0s 0ms
Time for merging to input: 0h 0m 0s 0ms
Database type: Aminoacid
Time for processing: 0h 0m 0s 5ms
Create directory /tmp/gate_b_discovery_grouping_k4qb1c52/run_1/tmp/2927722699995099856/clu_tmp
cluster /tmp/gate_b_discovery_grouping_k4qb1c52/run_1/tmp/2927722699995099856/input /tmp/gate_b_discovery_grouping_k4qb1c52/run_1/tmp/2927722699995099856/clu /tmp/gate_b_discovery_grouping_k4qb1c52/run_1/tmp/2927722699995099856/clu_tmp -s 7.5 --max-seqs 20 -c 0.8 --cov-mode 1 --spaced-kmer-mode 1 --threads 8 --alignment-mode 3 -e 0.001 --min-seq-id 0.3 --cluster-mode 0 --remove-tmp-files 1 

Combining cluster mode 0 in combination with coverage mode 1 can produce wrong results.
Please use --cov-mode 2
Set cluster iterations to 3
linclust /tmp/gate_b_discovery_grouping_k4qb1c52/run_1/tmp/2927722699995099856/input /tmp/gate_b_discovery_grouping_k4qb1c52/run_1/tmp/2927722699995099856/clu_tmp/5264002533225516482/clu_redundancy /tmp/gate_b_discovery_grouping_k4qb1c52/run_1/tmp/2927722699995099856/clu_tmp/5264002533225516482/linclust --cluster-mode 0 --max-iterations 1000 --similarity-type 2 --threads 8 --compressed 0 -v 3 --cluster-weight-threshold 0.9 --set-mode 0 --sub-mat 'aa:blosum62.out,nucl:nucleotide.out' -a 0 --alignment-mode 3 --alignment-output-mode 0 --wrapped-scoring 0 -e 0.001 --min-seq-id 0.3 --min-aln-len 0 --seq-id-mode 0 --alt-ali 0 -c 0.8 --cov-mode 1 --max-seq-len 65535 --comp-bias-corr 1 --comp-bias-corr-scale 1 --max-rejected 2147483647 --max-accept 2147483647 --add-self-matches 0 --db-load-mode 0 --pca substitution:1.100,context:1.400 --pcb substitution:4.100,context:5.800 --score-bias 0 --realign 0 --realign-score-bias -0.2 --realign-max-seqs 2147483647 --corr-score-weight 0 --gap-open aa:11,nucl:5 --gap-extend aa:1,nucl:2 --zdrop 40 --alph-size aa:13,nucl:5 --kmer-per-seq 21 --spaced-kmer-mode 1 --kmer-per-seq-scale aa:0.000,nucl:0.200 --adjust-kmer-len 0 --mask 0 --mask-prob 0.9 --mask-lower-case 0 --mask-n-repeat 0 -k 0 --hash-shift 67 --split-memory-limit 0 --include-only-extendable 0 --ignore-multi-kmer 0 --include-count-table 0 --num-count-table 2 --include-adjacency 1 --num-adjacency 3 --use-parallelism 0 --need-write-buffer 0 --linclust-version 2 --rescore-mode 0 --filter-hits 0 --sort-results 0 --include-align-files 0 --switch-consensus-rep 0 --clust-hash 0 --remove-tmp-files 1 --force-reuse 0 

kmermatcher /tmp/gate_b_discovery_grouping_k4qb1c52/run_1/tmp/2927722699995099856/input /tmp/gate_b_discovery_grouping_k4qb1c52/run_1/tmp/2927722699995099856/clu_tmp/5264002533225516482/linclust/3858259951597018674/pref --sub-mat 'aa:blosum62.out,nucl:nucleotide.out' --alph-size aa:13,nucl:5 --min-seq-id 0.3 --kmer-per-seq 21 --spaced-kmer-mode 0 --kmer-per-seq-scale aa:0.000,nucl:0.200 --adjust-kmer-len 0 --mask 0 --mask-prob 0.9 --mask-lower-case 0 --mask-n-repeat 0 --cov-mode 1 -k 0 -c 0.8 --max-seq-len 65535 --hash-shift 67 --split-memory-limit 0 --include-only-extendable 0 --ignore-multi-kmer 0 --threads 8 --compressed 0 -v 3 --cluster-weight-threshold 0.9 --include-count-table 0 --num-count-table 2 --include-adjacency 1 --num-adjacency 3 --use-parallelism 0 --need-write-buffer 0 --linclust-version 2 

kmermatcher /tmp/gate_b_discovery_grouping_k4qb1c52/run_1/tmp/2927722699995099856/input /tmp/gate_b_discovery_grouping_k4qb1c52/run_1/tmp/2927722699995099856/clu_tmp/5264002533225516482/linclust/3858259951597018674/pref --sub-mat 'aa:blosum62.out,nucl:nucleotide.out' --alph-size aa:13,nucl:5 --min-seq-id 0.3 --kmer-per-seq 21 --spaced-kmer-mode 0 --kmer-per-seq-scale aa:0.000,nucl:0.200 --adjust-kmer-len 0 --mask 0 --mask-prob 0.9 --mask-lower-case 0 --mask-n-repeat 0 --cov-mode 1 -k 0 -c 0.8 --max-seq-len 65535 --hash-shift 67 --split-memory-limit 0 --include-only-extendable 0 --ignore-multi-kmer 0 --threads 8 --compressed 0 -v 3 --cluster-weight-threshold 0.9 --include-count-table 0 --num-count-table 2 --include-adjacency 1 --num-adjacency 3 --use-parallelism 0 --need-write-buffer 0 --linclust-version 2 

Database size: 278 type: Aminoacid
Reduced amino acid alphabet: (A S T) (C) (D B N) (E Q Z) (F Y) (G) (H) (I V) (K R) (L J M) (P) (W) (X) 

Generate k-mers list for 1 split
[=================================================================] 278 0s 2ms
Sort kmer 0h 0m 0s 3ms
Assign group Mode: Longest center: Time for assign: 0h 0m 0s 0ms
Sort by rep. sequence 0h 0m 0s 0ms
Time for write: 0h 0m 0s 0ms
Assign group Mode: Adjacent sequence: Time for assign: 0h 0m 0s 0ms
Sort by rep. sequence 0h 0m 0s 0ms
Time for write: 0h 0m 0s 0ms
Assign group Mode: Adjacent sequence: Time for assign: 0h 0m 0s 0ms
Sort by rep. sequence 0h 0m 0s 0ms
Time for write: 0h 0m 0s 0ms
Assign group Mode: Adjacent sequence: Time for assign: 0h 0m 0s 0ms
Sort by rep. sequence 0h 0m 0s 0ms
Time for write: 0h 0m 0s 0ms
Merge splits ... Time for fill: 0h 0m 0s 1ms
Time for merging to pref: 0h 0m 0s 0ms
Time for processing: 0h 0m 0s 25ms
align2clust /tmp/gate_b_discovery_grouping_k4qb1c52/run_1/tmp/2927722699995099856/input /tmp/gate_b_discovery_grouping_k4qb1c52/run_1/tmp/2927722699995099856/clu_tmp/5264002533225516482/linclust/3858259951597018674/pref /tmp/gate_b_discovery_grouping_k4qb1c52/run_1/tmp/2927722699995099856/clu_tmp/5264002533225516482/linclust/3858259951597018674/clu --sub-mat 'aa:blosum62.out,nucl:nucleotide.out' -a 0 --alignment-mode 3 --min-seq-id 0.3 --min-aln-len 0 --seq-id-mode 0 --filter-hits 0 -e 0.001 -c 0.8 --cov-mode 1 --add-self-matches 0 --sort-results 0 --db-load-mode 0 --threads 8 --compressed 0 -v 3 --cluster-mode 0 --include-align-files 0 

Score per column threshold for filtering: 0.200000
Using SET_COVER clustering mode
Reorder buffer sizing: memory limit 30259873203 byte, reserved (fixed) 5560 byte, budget 27233880878 byte, 1252 byte/result
Reorder buffer capacity: 278 results (13344 byte pre-allocated slots)
[=================================================================] 278 0s 14ms
Size of the alignment database: 278
Number of clusters: 245
Time for run Align2Clust: 0h 0m 0s 20ms sec
Time for merging to clu: 0h 0m 0s 0ms
Time for processing: 0h 0m 0s 21ms
createsubdb /tmp/gate_b_discovery_grouping_k4qb1c52/run_1/tmp/2927722699995099856/clu_tmp/5264002533225516482/linclust/3858259951597018674/clu /tmp/gate_b_discovery_grouping_k4qb1c52/run_1/tmp/2927722699995099856/input /tmp/gate_b_discovery_grouping_k4qb1c52/run_1/tmp/2927722699995099856/clu_tmp/5264002533225516482/linclust/3858259951597018674/input_rep -v 3 --subdb-mode 1 

Time for merging to input_rep: 0h 0m 0s 0ms
Time for processing: 0h 0m 0s 1ms
kmermatcher /tmp/gate_b_discovery_grouping_k4qb1c52/run_1/tmp/2927722699995099856/clu_tmp/5264002533225516482/linclust/3858259951597018674/input_rep /tmp/gate_b_discovery_grouping_k4qb1c52/run_1/tmp/2927722699995099856/clu_tmp/5264002533225516482/linclust/3858259951597018674/pref_rep --sub-mat 'aa:blosum62.out,nucl:nucleotide.out' --alph-size aa:13,nucl:5 --min-seq-id 0.3 --kmer-per-seq 21 --spaced-kmer-mode 1 --kmer-per-seq-scale aa:0.100,nucl:0.100 --adjust-kmer-len 0 --mask 0 --mask-prob 0.9 --mask-lower-case 0 --mask-n-repeat 0 --cov-mode 1 -k 0 -c 0.8 --max-seq-len 65535 --hash-shift 67 --split-memory-limit 0 --include-only-extendable 0 --ignore-multi-kmer 0 --threads 8 --compressed 0 -v 3 --cluster-weight-threshold 0.9 --include-count-table 0 --num-count-table 2 --include-adjacency 1 --num-adjacency 3 --use-parallelism 0 --need-write-buffer 0 --linclust-version 2 

kmermatcher /tmp/gate_b_discovery_grouping_k4qb1c52/run_1/tmp/2927722699995099856/clu_tmp/5264002533225516482/linclust/3858259951597018674/input_rep /tmp/gate_b_discovery_grouping_k4qb1c52/run_1/tmp/2927722699995099856/clu_tmp/5264002533225516482/linclust/3858259951597018674/pref_rep --sub-mat 'aa:blosum62.out,nucl:nucleotide.out' --alph-size aa:13,nucl:5 --min-seq-id 0.3 --kmer-per-seq 21 --spaced-kmer-mode 1 --kmer-per-seq-scale aa:0.100,nucl:0.100 --adjust-kmer-len 0 --mask 0 --mask-prob 0.9 --mask-lower-case 0 --mask-n-repeat 0 --cov-mode 1 -k 0 -c 0.8 --max-seq-len 65535 --hash-shift 67 --split-memory-limit 0 --include-only-extendable 0 --ignore-multi-kmer 0 --threads 8 --compressed 0 -v 3 --cluster-weight-threshold 0.9 --include-count-table 0 --num-count-table 2 --include-adjacency 1 --num-adjacency 3 --use-parallelism 0 --need-write-buffer 0 --linclust-version 2 

Database size: 245 type: Aminoacid
Reduced amino acid alphabet: (A S T) (C) (D B N) (E Q Z) (F Y) (G) (H) (I V) (K R) (L J M) (P) (W) (X) 

Generate k-mers list for 1 split
[=================================================================] 245 0s 2ms
Sort kmer 0h 0m 0s 1ms
Assign group Mode: Longest center: Time for assign: 0h 0m 0s 0ms
Sort by rep. sequence 0h 0m 0s 0ms
Time for write: 0h 0m 0s 0ms
Assign group Mode: Adjacent sequence: Time for assign: 0h 0m 0s 0ms
Sort by rep. sequence 0h 0m 0s 0ms
Time for write: 0h 0m 0s 0ms
Assign group Mode: Adjacent sequence: Time for assign: 0h 0m 0s 0ms
Sort by rep. sequence 0h 0m 0s 0ms
Time for write: 0h 0m 0s 0ms
Assign group Mode: Adjacent sequence: Time for assign: 0h 0m 0s 0ms
Sort by rep. sequence 0h 0m 0s 0ms
Time for write: 0h 0m 0s 0ms
Merge splits ... Time for fill: 0h 0m 0s 1ms
Time for merging to pref_rep: 0h 0m 0s 0ms
Time for processing: 0h 0m 0s 20ms
align2clust /tmp/gate_b_discovery_grouping_k4qb1c52/run_1/tmp/2927722699995099856/clu_tmp/5264002533225516482/linclust/3858259951597018674/input_rep /tmp/gate_b_discovery_grouping_k4qb1c52/run_1/tmp/2927722699995099856/clu_tmp/5264002533225516482/linclust/3858259951597018674/pref_rep /tmp/gate_b_discovery_grouping_k4qb1c52/run_1/tmp/2927722699995099856/clu_tmp/5264002533225516482/linclust/3858259951597018674/clu_rep --sub-mat 'aa:blosum62.out,nucl:nucleotide.out' -a 0 --alignment-mode 3 --min-seq-id 0.3 --min-aln-len 0 --seq-id-mode 0 --filter-hits 0 -e 0.001 -c 0.8 --cov-mode 1 --add-self-matches 0 --sort-results 0 --db-load-mode 0 --threads 8 --compressed 0 -v 3 --cluster-mode 0 --include-align-files 0 --filter-cludb-file /tmp/gate_b_discovery_grouping_k4qb1c52/run_1/tmp/2927722699995099856/clu_tmp/5264002533225516482/linclust/3858259951597018674/clu --filter-seqdb-file /tmp/gate_b_discovery_grouping_k4qb1c52/run_1/tmp/2927722699995099856/input 

Score per column threshold for filtering: 0.200000
Using SET_COVER clustering mode
Reorder buffer sizing: memory limit 30259862763 byte, reserved (fixed) 4900 byte, budget 27233872076 byte, 1252 byte/result
Reorder buffer capacity: 245 results (11760 byte pre-allocated slots)
[=================================================================] 245 0s 13ms
Size of the alignment database: 245
Number of clusters: 240
Time for run Align2Clust: 0h 0m 0s 21ms sec
Time for merging to clu_rep: 0h 0m 0s 0ms
Time for processing: 0h 0m 0s 22ms
mergeclusters /tmp/gate_b_discovery_grouping_k4qb1c52/run_1/tmp/2927722699995099856/input /tmp/gate_b_discovery_grouping_k4qb1c52/run_1/tmp/2927722699995099856/clu_tmp/5264002533225516482/clu_redundancy /tmp/gate_b_discovery_grouping_k4qb1c52/run_1/tmp/2927722699995099856/clu_tmp/5264002533225516482/linclust/3858259951597018674/clu /tmp/gate_b_discovery_grouping_k4qb1c52/run_1/tmp/2927722699995099856/clu_tmp/5264002533225516482/linclust/3858259951597018674/clu_rep --threads 8 --compressed 0 -v 3 

Clustering step 1
[=================================================================] 245 0s 0ms
Clustering step 2
[=================================================================] 240 0s 1ms
Write merged clustering
[=================================================================] 278 0s 3ms
Time for merging to clu_redundancy: 0h 0m 0s 0ms
Time for processing: 0h 0m 0s 5ms
rmdb /tmp/gate_b_discovery_grouping_k4qb1c52/run_1/tmp/2927722699995099856/clu_tmp/5264002533225516482/linclust/3858259951597018674/pref -v 3 

Time for processing: 0h 0m 0s 0ms
rmdb /tmp/gate_b_discovery_grouping_k4qb1c52/run_1/tmp/2927722699995099856/clu_tmp/5264002533225516482/linclust/3858259951597018674/clu -v 3 

Time for processing: 0h 0m 0s 0ms
rmdb /tmp/gate_b_discovery_grouping_k4qb1c52/run_1/tmp/2927722699995099856/clu_tmp/5264002533225516482/linclust/3858259951597018674/input_rep -v 3 

Time for processing: 0h 0m 0s 0ms
rmdb /tmp/gate_b_discovery_grouping_k4qb1c52/run_1/tmp/2927722699995099856/clu_tmp/5264002533225516482/linclust/3858259951597018674/input_rep_h -v 3 

Time for processing: 0h 0m 0s 0ms
rmdb /tmp/gate_b_discovery_grouping_k4qb1c52/run_1/tmp/2927722699995099856/clu_tmp/5264002533225516482/linclust/3858259951597018674/pref_rep -v 3 

Time for processing: 0h 0m 0s 0ms
rmdb /tmp/gate_b_discovery_grouping_k4qb1c52/run_1/tmp/2927722699995099856/clu_tmp/5264002533225516482/linclust/3858259951597018674/clu_rep -v 3 

Time for processing: 0h 0m 0s 0ms
createsubdb /tmp/gate_b_discovery_grouping_k4qb1c52/run_1/tmp/2927722699995099856/clu_tmp/5264002533225516482/clu_redundancy /tmp/gate_b_discovery_grouping_k4qb1c52/run_1/tmp/2927722699995099856/input /tmp/gate_b_discovery_grouping_k4qb1c52/run_1/tmp/2927722699995099856/clu_tmp/5264002533225516482/input_step_redundancy -v 3 --subdb-mode 1 

Time for merging to input_step_redundancy: 0h 0m 0s 0ms
Time for processing: 0h 0m 0s 1ms
prefilter /tmp/gate_b_discovery_grouping_k4qb1c52/run_1/tmp/2927722699995099856/clu_tmp/5264002533225516482/input_step_redundancy /tmp/gate_b_discovery_grouping_k4qb1c52/run_1/tmp/2927722699995099856/clu_tmp/5264002533225516482/input_step_redundancy /tmp/gate_b_discovery_grouping_k4qb1c52/run_1/tmp/2927722699995099856/clu_tmp/5264002533225516482/pref_step0 --sub-mat 'aa:blosum62.out,nucl:nucleotide.out' --seed-sub-mat 'aa:VTML80.out,nucl:nucleotide.out' -s 1 -k 0 --target-search-mode 0 --k-score seq:2147483647,prof:2147483647 --alph-size aa:21,nucl:5 --max-seq-len 65535 --max-seqs 20 --split 0 --split-mode 2 --split-memory-limit 0 -c 0.8 --cov-mode 1 --comp-bias-corr 0 --comp-bias-corr-scale 1 --diag-score 0 --exact-kmer-matching 0 --mask 1 --mask-prob 0.9 --mask-lower-case 0 --mask-n-repeat 0 --min-ungapped-score 0 --add-self-matches 0 --spaced-kmer-mode 1 --db-load-mode 0 --pca substitution:1.100,context:1.400 --pcb substitution:4.100,context:5.800 --threads 8 --compressed 0 -v 3 

Query database size: 240 type: Aminoacid
Estimated memory consumption: 978M
Target database size: 240 type: Aminoacid
Index table k-mer threshold: 154 at k-mer size 6 
Index table: counting k-mers
[=================================================================] 240 0s 6ms
Index table: Masked residues: 1718
Index table: fill
[=================================================================] 240 0s 6ms
Index statistics
Entries:          31821
DB size:          488 MB
Avg k-mer size:   0.000497
Top 10 k-mers
    KGLYPG	3
    PGGTAR	3
    LYPGKT	3
    PFGGLA	2
    PPTKMA	2
    TRLYPA	2
    GTCGSA	2
    GEPSAC	2
    PYIPDC	2
    KNFSEC	2
Time for index table init: 0h 0m 2s 21ms
Process prefiltering step 1 of 1

k-mer similarity threshold: 154
Starting prefiltering scores calculation (step 1 of 1)
Query db start 1 to 240
Target db start 1 to 240
[=================================================================] 240 0s 14ms

3.653973 k-mers per position
135 DB matches per sequence
0 overflows
1 sequences passed prefiltering per query sequence
1 median result list length
0 sequences with 0 size result lists
Time for merging to pref_step0: 0h 0m 0s 0ms
Time for processing: 0h 0m 3s 715ms
align /tmp/gate_b_discovery_grouping_k4qb1c52/run_1/tmp/2927722699995099856/clu_tmp/5264002533225516482/input_step_redundancy /tmp/gate_b_discovery_grouping_k4qb1c52/run_1/tmp/2927722699995099856/clu_tmp/5264002533225516482/input_step_redundancy /tmp/gate_b_discovery_grouping_k4qb1c52/run_1/tmp/2927722699995099856/clu_tmp/5264002533225516482/pref_step0 /tmp/gate_b_discovery_grouping_k4qb1c52/run_1/tmp/2927722699995099856/clu_tmp/5264002533225516482/aln_step0 --sub-mat 'aa:blosum62.out,nucl:nucleotide.out' -a 0 --alignment-mode 3 --alignment-output-mode 0 --wrapped-scoring 0 -e 0.001 --min-seq-id 0.3 --min-aln-len 0 --seq-id-mode 0 --alt-ali 0 -c 0.8 --cov-mode 1 --max-seq-len 65535 --comp-bias-corr 0 --comp-bias-corr-scale 1 --max-rejected 2147483647 --max-accept 2147483647 --add-self-matches 0 --db-load-mode 0 --pca substitution:1.100,context:1.400 --pcb substitution:4.100,context:5.800 --score-bias 0 --realign 0 --realign-score-bias -0.2 --realign-max-seqs 2147483647 --corr-score-weight 0 --gap-open aa:11,nucl:5 --gap-extend aa:1,nucl:2 --zdrop 40 --threads 8 --compressed 0 -v 3 

Compute score, coverage and sequence identity
Query database size: 240 type: Aminoacid
Target database size: 240 type: Aminoacid
Calculation of alignments
[=================================================================] 240 0s 13ms
Time for merging to aln_step0: 0h 0m 0s 0ms
286 alignments calculated
264 sequence pairs passed the thresholds (0.923077 of overall calculated)
1.100000 hits per query sequence
Time for processing: 0h 0m 0s 18ms
clust /tmp/gate_b_discovery_grouping_k4qb1c52/run_1/tmp/2927722699995099856/clu_tmp/5264002533225516482/input_step_redundancy /tmp/gate_b_discovery_grouping_k4qb1c52/run_1/tmp/2927722699995099856/clu_tmp/5264002533225516482/aln_step0 /tmp/gate_b_discovery_grouping_k4qb1c52/run_1/tmp/2927722699995099856/clu_tmp/5264002533225516482/clu_step0 --cluster-mode 0 --max-iterations 1000 --similarity-type 2 --threads 8 --compressed 0 -v 3 --cluster-weight-threshold 0.9 --set-mode 0 

Clustering mode: Set Cover
[=================================================================] 240 0s 0ms
Sort entries
Find missing connections
Found 2 new connections.
Reconstruct initial order
[=================================================================] 240 0s 0ms
Add missing connections
[=================================================================] 240 0s 0ms

Time for read in: 0h 0m 0s 2ms
Total time: 0h 0m 0s 3ms

Size of the sequence database: 240
Size of the alignment database: 240
Number of clusters: 228

Writing results 0h 0m 0s 0ms
Time for merging to clu_step0: 0h 0m 0s 0ms
Time for processing: 0h 0m 0s 4ms
createsubdb /tmp/gate_b_discovery_grouping_k4qb1c52/run_1/tmp/2927722699995099856/clu_tmp/5264002533225516482/clu_step0 /tmp/gate_b_discovery_grouping_k4qb1c52/run_1/tmp/2927722699995099856/clu_tmp/5264002533225516482/input_step_redundancy /tmp/gate_b_discovery_grouping_k4qb1c52/run_1/tmp/2927722699995099856/clu_tmp/5264002533225516482/input_step1 -v 3 --subdb-mode 1 

Time for merging to input_step1: 0h 0m 0s 0ms
Time for processing: 0h 0m 0s 1ms
prefilter /tmp/gate_b_discovery_grouping_k4qb1c52/run_1/tmp/2927722699995099856/clu_tmp/5264002533225516482/input_step1 /tmp/gate_b_discovery_grouping_k4qb1c52/run_1/tmp/2927722699995099856/clu_tmp/5264002533225516482/input_step1 /tmp/gate_b_discovery_grouping_k4qb1c52/run_1/tmp/2927722699995099856/clu_tmp/5264002533225516482/pref_step1 --sub-mat 'aa:blosum62.out,nucl:nucleotide.out' --seed-sub-mat 'aa:VTML80.out,nucl:nucleotide.out' -s 4.25 -k 0 --target-search-mode 0 --k-score seq:2147483647,prof:2147483647 --alph-size aa:21,nucl:5 --max-seq-len 65535 --max-seqs 20 --split 0 --split-mode 2 --split-memory-limit 0 -c 0.8 --cov-mode 1 --comp-bias-corr 1 --comp-bias-corr-scale 1 --diag-score 1 --exact-kmer-matching 0 --mask 1 --mask-prob 0.9 --mask-lower-case 0 --mask-n-repeat 0 --min-ungapped-score 15 --add-self-matches 0 --spaced-kmer-mode 1 --db-load-mode 0 --pca substitution:1.100,context:1.400 --pcb substitution:4.100,context:5.800 --threads 8 --compressed 0 -v 3 

Query database size: 228 type: Aminoacid
Estimated memory consumption: 978M
Target database size: 228 type: Aminoacid
Index table k-mer threshold: 125 at k-mer size 6 
Index table: counting k-mers
[=================================================================] 228 0s 8ms
Index table: Masked residues: 1664
Index table: fill
[=================================================================] 228 0s 10ms
Index statistics
Entries:          55955
DB size:          488 MB
Avg k-mer size:   0.000874
Top 10 k-mers
    LLGPGK	4
    TSAPAG	3
    KGLYPG	3
    PGGTAR	3
    YVEEVR	3
    LYPGKT	3
    NKSAAA	2
    VAGDDA	2
    LLGGGA	2
    AVNSGA	2
Time for index table init: 0h 0m 0s 745ms
Process prefiltering step 1 of 1

k-mer similarity threshold: 125
Starting prefiltering scores calculation (step 1 of 1)
Query db start 1 to 228
Target db start 1 to 228
[=================================================================] 228 0s 107ms

94.246678 k-mers per position
259 DB matches per sequence
0 overflows
1 sequences passed prefiltering per query sequence
1 median result list length
0 sequences with 0 size result lists
Time for merging to pref_step1: 0h 0m 0s 0ms
Time for processing: 0h 0m 2s 280ms
align /tmp/gate_b_discovery_grouping_k4qb1c52/run_1/tmp/2927722699995099856/clu_tmp/5264002533225516482/input_step1 /tmp/gate_b_discovery_grouping_k4qb1c52/run_1/tmp/2927722699995099856/clu_tmp/5264002533225516482/input_step1 /tmp/gate_b_discovery_grouping_k4qb1c52/run_1/tmp/2927722699995099856/clu_tmp/5264002533225516482/pref_step1 /tmp/gate_b_discovery_grouping_k4qb1c52/run_1/tmp/2927722699995099856/clu_tmp/5264002533225516482/aln_step1 --sub-mat 'aa:blosum62.out,nucl:nucleotide.out' -a 0 --alignment-mode 3 --alignment-output-mode 0 --wrapped-scoring 0 -e 0.001 --min-seq-id 0.3 --min-aln-len 0 --seq-id-mode 0 --alt-ali 0 -c 0.8 --cov-mode 1 --max-seq-len 65535 --comp-bias-corr 1 --comp-bias-corr-scale 1 --max-rejected 2147483647 --max-accept 2147483647 --add-self-matches 0 --db-load-mode 0 --pca substitution:1.100,context:1.400 --pcb substitution:4.100,context:5.800 --score-bias 0 --realign 0 --realign-score-bias -0.2 --realign-max-seqs 2147483647 --corr-score-weight 0 --gap-open aa:11,nucl:5 --gap-extend aa:1,nucl:2 --zdrop 40 --threads 8 --compressed 0 -v 3 

Compute score, coverage and sequence identity
Query database size: 228 type: Aminoacid
Target database size: 228 type: Aminoacid
Calculation of alignments
[=================================================================] 228 0s 17ms
Time for merging to aln_step1: 0h 0m 0s 0ms
318 alignments calculated
242 sequence pairs passed the thresholds (0.761006 of overall calculated)
1.061404 hits per query sequence
Time for processing: 0h 0m 0s 23ms
clust /tmp/gate_b_discovery_grouping_k4qb1c52/run_1/tmp/2927722699995099856/clu_tmp/5264002533225516482/input_step1 /tmp/gate_b_discovery_grouping_k4qb1c52/run_1/tmp/2927722699995099856/clu_tmp/5264002533225516482/aln_step1 /tmp/gate_b_discovery_grouping_k4qb1c52/run_1/tmp/2927722699995099856/clu_tmp/5264002533225516482/clu_step1 --cluster-mode 0 --max-iterations 1000 --similarity-type 2 --threads 8 --compressed 0 -v 3 --cluster-weight-threshold 0.9 --set-mode 0 

Clustering mode: Set Cover
[=================================================================] 228 0s 0ms
Sort entries
Find missing connections
Found 8 new connections.
Reconstruct initial order
[=================================================================] 228 0s 0ms
Add missing connections
[=================================================================] 228 0s 0ms

Time for read in: 0h 0m 0s 1ms
Total time: 0h 0m 0s 3ms

Size of the sequence database: 228
Size of the alignment database: 228
Number of clusters: 217

Writing results 0h 0m 0s 0ms
Time for merging to clu_step1: 0h 0m 0s 0ms
Time for processing: 0h 0m 0s 4ms
createsubdb /tmp/gate_b_discovery_grouping_k4qb1c52/run_1/tmp/2927722699995099856/clu_tmp/5264002533225516482/clu_step1 /tmp/gate_b_discovery_grouping_k4qb1c52/run_1/tmp/2927722699995099856/clu_tmp/5264002533225516482/input_step1 /tmp/gate_b_discovery_grouping_k4qb1c52/run_1/tmp/2927722699995099856/clu_tmp/5264002533225516482/input_step2 -v 3 --subdb-mode 1 

Time for merging to input_step2: 0h 0m 0s 0ms
Time for processing: 0h 0m 0s 1ms
prefilter /tmp/gate_b_discovery_grouping_k4qb1c52/run_1/tmp/2927722699995099856/clu_tmp/5264002533225516482/input_step2 /tmp/gate_b_discovery_grouping_k4qb1c52/run_1/tmp/2927722699995099856/clu_tmp/5264002533225516482/input_step2 /tmp/gate_b_discovery_grouping_k4qb1c52/run_1/tmp/2927722699995099856/clu_tmp/5264002533225516482/pref_step2 --sub-mat 'aa:blosum62.out,nucl:nucleotide.out' --seed-sub-mat 'aa:VTML80.out,nucl:nucleotide.out' -s 7.5 -k 0 --target-search-mode 0 --k-score seq:2147483647,prof:2147483647 --alph-size aa:21,nucl:5 --max-seq-len 65535 --max-seqs 20 --split 0 --split-mode 2 --split-memory-limit 0 -c 0.8 --cov-mode 1 --comp-bias-corr 1 --comp-bias-corr-scale 1 --diag-score 1 --exact-kmer-matching 0 --mask 1 --mask-prob 0.9 --mask-lower-case 0 --mask-n-repeat 0 --min-ungapped-score 15 --add-self-matches 0 --spaced-kmer-mode 1 --db-load-mode 0 --pca substitution:1.100,context:1.400 --pcb substitution:4.100,context:5.800 --threads 8 --compressed 0 -v 3 

Query database size: 217 type: Aminoacid
Estimated memory consumption: 978M
Target database size: 217 type: Aminoacid
Index table k-mer threshold: 96 at k-mer size 6 
Index table: counting k-mers
[=================================================================] 217 0s 7ms
Index table: Masked residues: 1664
Index table: fill
[=================================================================] 217 0s 11ms
Index statistics
Entries:          53785
DB size:          488 MB
Avg k-mer size:   0.000840
Top 10 k-mers
    LLGPGK	4
    KGLYPG	3
    PGGTAR	3
    YVEEVR	3
    LYPGKT	3
    NKSAAA	2
    LLGGGA	2
    ANLEKA	2
    LLVALA	2
    LSILLA	2
Time for index table init: 0h 0m 0s 779ms
Process prefiltering step 1 of 1

k-mer similarity threshold: 96
Starting prefiltering scores calculation (step 1 of 1)
Query db start 1 to 217
Target db start 1 to 217
[=================================================================] 217 1s 307ms

1766.378431 k-mers per position
632 DB matches per sequence
0 overflows
7 sequences passed prefiltering per query sequence
6 median result list length
0 sequences with 0 size result lists
Time for merging to pref_step2: 0h 0m 0s 0ms
Time for processing: 0h 0m 3s 625ms
align /tmp/gate_b_discovery_grouping_k4qb1c52/run_1/tmp/2927722699995099856/clu_tmp/5264002533225516482/input_step2 /tmp/gate_b_discovery_grouping_k4qb1c52/run_1/tmp/2927722699995099856/clu_tmp/5264002533225516482/input_step2 /tmp/gate_b_discovery_grouping_k4qb1c52/run_1/tmp/2927722699995099856/clu_tmp/5264002533225516482/pref_step2 /tmp/gate_b_discovery_grouping_k4qb1c52/run_1/tmp/2927722699995099856/clu_tmp/5264002533225516482/aln_step2 --sub-mat 'aa:blosum62.out,nucl:nucleotide.out' -a 0 --alignment-mode 3 --alignment-output-mode 0 --wrapped-scoring 0 -e 0.001 --min-seq-id 0.3 --min-aln-len 0 --seq-id-mode 0 --alt-ali 0 -c 0.8 --cov-mode 1 --max-seq-len 65535 --comp-bias-corr 1 --comp-bias-corr-scale 1 --max-rejected 2147483647 --max-accept 2147483647 --add-self-matches 0 --db-load-mode 0 --pca substitution:1.100,context:1.400 --pcb substitution:4.100,context:5.800 --score-bias 0 --realign 0 --realign-score-bias -0.2 --realign-max-seqs 2147483647 --corr-score-weight 0 --gap-open aa:11,nucl:5 --gap-extend aa:1,nucl:2 --zdrop 40 --threads 8 --compressed 0 -v 3 

Compute score, coverage and sequence identity
Query database size: 217 type: Aminoacid
Target database size: 217 type: Aminoacid
Calculation of alignments
[=================================================================] 217 0s 28ms
Time for merging to aln_step2: 0h 0m 0s 0ms
1135 alignments calculated
218 sequence pairs passed the thresholds (0.192070 of overall calculated)
1.004608 hits per query sequence
Time for processing: 0h 0m 0s 38ms
clust /tmp/gate_b_discovery_grouping_k4qb1c52/run_1/tmp/2927722699995099856/clu_tmp/5264002533225516482/input_step2 /tmp/gate_b_discovery_grouping_k4qb1c52/run_1/tmp/2927722699995099856/clu_tmp/5264002533225516482/aln_step2 /tmp/gate_b_discovery_grouping_k4qb1c52/run_1/tmp/2927722699995099856/clu_tmp/5264002533225516482/clu_step2 --cluster-mode 0 --max-iterations 1000 --similarity-type 2 --threads 8 --compressed 0 -v 3 --cluster-weight-threshold 0.9 --set-mode 0 

Clustering mode: Set Cover
[=================================================================] 217 0s 0ms
Sort entries
Find missing connections
Found 1 new connections.
Reconstruct initial order
[=================================================================] 217 0s 0ms
Add missing connections
[=================================================================] 217 0s 0ms

Time for read in: 0h 0m 0s 1ms
Total time: 0h 0m 0s 2ms

Size of the sequence database: 217
Size of the alignment database: 217
Number of clusters: 216

Writing results 0h 0m 0s 0ms
Time for merging to clu_step2: 0h 0m 0s 0ms
Time for processing: 0h 0m 0s 4ms
mergeclusters /tmp/gate_b_discovery_grouping_k4qb1c52/run_1/tmp/2927722699995099856/input /tmp/gate_b_discovery_grouping_k4qb1c52/run_1/tmp/2927722699995099856/clu /tmp/gate_b_discovery_grouping_k4qb1c52/run_1/tmp/2927722699995099856/clu_tmp/5264002533225516482/clu_redundancy /tmp/gate_b_discovery_grouping_k4qb1c52/run_1/tmp/2927722699995099856/clu_tmp/5264002533225516482/clu_step0 /tmp/gate_b_discovery_grouping_k4qb1c52/run_1/tmp/2927722699995099856/clu_tmp/5264002533225516482/clu_step1 /tmp/gate_b_discovery_grouping_k4qb1c52/run_1/tmp/2927722699995099856/clu_tmp/5264002533225516482/clu_step2 --threads 8 --compressed 0 -v 3 

Clustering step 1
[=================================================================] 240 0s 0ms
Clustering step 2
[=================================================================] 228 0s 1ms
Clustering step 3
[=================================================================] 217 0s 2ms
Clustering step 4
[=================================================================] 216 0s 5ms
Write merged clustering
[=================================================================] 278 0s 7ms
Time for merging to clu: 0h 0m 0s 0ms
Time for processing: 0h 0m 0s 9ms
rmdb /tmp/gate_b_discovery_grouping_k4qb1c52/run_1/tmp/2927722699995099856/clu_tmp/5264002533225516482/clu_redundancy -v 3 

Time for processing: 0h 0m 0s 0ms
rmdb /tmp/gate_b_discovery_grouping_k4qb1c52/run_1/tmp/2927722699995099856/clu_tmp/5264002533225516482/input_step_redundancy -v 3 

Time for processing: 0h 0m 0s 0ms
rmdb /tmp/gate_b_discovery_grouping_k4qb1c52/run_1/tmp/2927722699995099856/clu_tmp/5264002533225516482/input_step_redundancy_h -v 3 

Time for processing: 0h 0m 0s 0ms
rmdb /tmp/gate_b_discovery_grouping_k4qb1c52/run_1/tmp/2927722699995099856/clu_tmp/5264002533225516482/pref_step0 -v 3 

Time for processing: 0h 0m 0s 0ms
rmdb /tmp/gate_b_discovery_grouping_k4qb1c52/run_1/tmp/2927722699995099856/clu_tmp/5264002533225516482/aln_step0 -v 3 

Time for processing: 0h 0m 0s 0ms
rmdb /tmp/gate_b_discovery_grouping_k4qb1c52/run_1/tmp/2927722699995099856/clu_tmp/5264002533225516482/clu_step0 -v 3 

Time for processing: 0h 0m 0s 0ms
rmdb /tmp/gate_b_discovery_grouping_k4qb1c52/run_1/tmp/2927722699995099856/clu_tmp/5264002533225516482/pref_step1 -v 3 

Time for processing: 0h 0m 0s 0ms
rmdb /tmp/gate_b_discovery_grouping_k4qb1c52/run_1/tmp/2927722699995099856/clu_tmp/5264002533225516482/aln_step1 -v 3 

Time for processing: 0h 0m 0s 0ms
rmdb /tmp/gate_b_discovery_grouping_k4qb1c52/run_1/tmp/2927722699995099856/clu_tmp/5264002533225516482/clu_step1 -v 3 

Time for processing: 0h 0m 0s 0ms
rmdb /tmp/gate_b_discovery_grouping_k4qb1c52/run_1/tmp/2927722699995099856/clu_tmp/5264002533225516482/pref_step2 -v 3 

Time for processing: 0h 0m 0s 0ms
rmdb /tmp/gate_b_discovery_grouping_k4qb1c52/run_1/tmp/2927722699995099856/clu_tmp/5264002533225516482/aln_step2 -v 3 

Time for processing: 0h 0m 0s 0ms
rmdb /tmp/gate_b_discovery_grouping_k4qb1c52/run_1/tmp/2927722699995099856/clu_tmp/5264002533225516482/clu_step2 -v 3 

Time for processing: 0h 0m 0s 0ms
rmdb /tmp/gate_b_discovery_grouping_k4qb1c52/run_1/tmp/2927722699995099856/clu_tmp/5264002533225516482/input_step1 -v 3 

Time for processing: 0h 0m 0s 0ms
rmdb /tmp/gate_b_discovery_grouping_k4qb1c52/run_1/tmp/2927722699995099856/clu_tmp/5264002533225516482/input_step1_h -v 3 

Time for processing: 0h 0m 0s 0ms
rmdb /tmp/gate_b_discovery_grouping_k4qb1c52/run_1/tmp/2927722699995099856/clu_tmp/5264002533225516482/input_step2 -v 3 

Time for processing: 0h 0m 0s 0ms
rmdb /tmp/gate_b_discovery_grouping_k4qb1c52/run_1/tmp/2927722699995099856/clu_tmp/5264002533225516482/input_step2_h -v 3 

Time for processing: 0h 0m 0s 0ms
createtsv /tmp/gate_b_discovery_grouping_k4qb1c52/run_1/tmp/2927722699995099856/input /tmp/gate_b_discovery_grouping_k4qb1c52/run_1/tmp/2927722699995099856/input /tmp/gate_b_discovery_grouping_k4qb1c52/run_1/tmp/2927722699995099856/clu /tmp/gate_b_discovery_grouping_k4qb1c52/run_1/tmp/2927722699995099856/cluster.tsv --threads 8 -v 3 

Time for merging to cluster.tsv: 0h 0m 0s 0ms
Time for processing: 0h 0m 0s 3ms
result2repseq /tmp/gate_b_discovery_grouping_k4qb1c52/run_1/tmp/2927722699995099856/input /tmp/gate_b_discovery_grouping_k4qb1c52/run_1/tmp/2927722699995099856/clu /tmp/gate_b_discovery_grouping_k4qb1c52/run_1/tmp/2927722699995099856/clu_rep --db-load-mode 0 --compressed 0 --threads 8 -v 3 

[=================================================================] 216 0s 0ms
Time for merging to clu_rep: 0h 0m 0s 1ms
Time for processing: 0h 0m 0s 4ms
result2flat /tmp/gate_b_discovery_grouping_k4qb1c52/run_1/tmp/2927722699995099856/input /tmp/gate_b_discovery_grouping_k4qb1c52/run_1/tmp/2927722699995099856/input /tmp/gate_b_discovery_grouping_k4qb1c52/run_1/tmp/2927722699995099856/clu_rep /tmp/gate_b_discovery_grouping_k4qb1c52/run_1/tmp/2927722699995099856/rep_seq.fasta --use-fasta-header -v 3 

Time for processing: 0h 0m 0s 0ms
createseqfiledb /tmp/gate_b_discovery_grouping_k4qb1c52/run_1/tmp/2927722699995099856/input /tmp/gate_b_discovery_grouping_k4qb1c52/run_1/tmp/2927722699995099856/clu /tmp/gate_b_discovery_grouping_k4qb1c52/run_1/tmp/2927722699995099856/clu_seqs --threads 8 -v 3 

[=================================================================] 216 0s 0ms
Time for merging to clu_seqs: 0h 0m 0s 1ms
Time for processing: 0h 0m 0s 4ms
result2flat /tmp/gate_b_discovery_grouping_k4qb1c52/run_1/tmp/2927722699995099856/input /tmp/gate_b_discovery_grouping_k4qb1c52/run_1/tmp/2927722699995099856/input /tmp/gate_b_discovery_grouping_k4qb1c52/run_1/tmp/2927722699995099856/clu_seqs /tmp/gate_b_discovery_grouping_k4qb1c52/run_1/tmp/2927722699995099856/all_seqs.fasta -v 3 

Time for processing: 0h 0m 0s 1ms
rmdb /tmp/gate_b_discovery_grouping_k4qb1c52/run_1/tmp/2927722699995099856/input -v 3 

Time for processing: 0h 0m 0s 0ms
rmdb /tmp/gate_b_discovery_grouping_k4qb1c52/run_1/tmp/2927722699995099856/input_h -v 3 

Time for processing: 0h 0m 0s 0ms
rmdb /tmp/gate_b_discovery_grouping_k4qb1c52/run_1/tmp/2927722699995099856/clu_seqs -v 3 

Time for processing: 0h 0m 0s 0ms
rmdb /tmp/gate_b_discovery_grouping_k4qb1c52/run_1/tmp/2927722699995099856/clu_rep -v 3 

Time for processing: 0h 0m 0s 0ms
rmdb /tmp/gate_b_discovery_grouping_k4qb1c52/run_1/tmp/2927722699995099856/clu -v 3 

Time for processing: 0h 0m 0s 0ms
