Create directory /kaggle/working/protein-representation-generalization/experiments/05-family-transfer/.a2_search_jem147x5/scratch
easy-search /kaggle/working/protein-representation-generalization/experiments/05-family-transfer/.a2_search_jem147x5/archive/negative_queries.fasta /kaggle/working/protein-representation-generalization/experiments/05-family-transfer/.a2_search_jem147x5/archive/positive_targets.fasta /kaggle/working/protein-representation-generalization/experiments/05-family-transfer/.a2_search_jem147x5/archive/raw_hits.tsv /kaggle/working/protein-representation-generalization/experiments/05-family-transfer/.a2_search_jem147x5/scratch --min-seq-id 0.30 -c 0.80 --cov-mode 1 -s 7.5 --threads 8 --alignment-mode 3 --format-output query,target,fident -e 1e-3 

MMseqs Version:                        	eec9c354be4276d2373996af2e50808b1390d527
Substitution matrix                    	aa:blosum62.out,nucl:nucleotide.out
Add backtrace                          	false
Alignment mode                         	3
Alignment mode                         	0
Allow wrapped scoring                  	false
E-value threshold                      	0.001
Seq. id. threshold                     	0.3
Min alignment length                   	0
Seq. id. mode                          	0
Alternative alignments                 	0
Coverage threshold                     	0.8
Coverage mode                          	1
Max sequence length                    	65535
Compositional bias                     	1
Compositional bias scale               	1
Max reject                             	2147483647
Max accept                             	2147483647
Include identical seq. id.             	false
Preload mode                           	0
Pseudo count a                         	substitution:1.100,context:1.400
Pseudo count b                         	substitution:4.100,context:5.800
Score bias                             	0
Realign hits                           	false
Realign score bias                     	-0.2
Realign max seqs                       	2147483647
Correlation score weight               	0
Gap open cost                          	aa:11,nucl:5
Gap extension cost                     	aa:1,nucl:2
Zdrop                                  	40
Threads                                	8
Compressed                             	0
Verbosity                              	3
Seed substitution matrix               	aa:VTML80.out,nucl:nucleotide.out
Sensitivity                            	7.5
k-mer length                           	0
Target search mode                     	0
k-score                                	seq:2147483647,prof:2147483647
Alphabet size                          	aa:21,nucl:5
Max results per query                  	300
Split database                         	0
Split mode                             	2
Split memory limit                     	0
Diagonal scoring                       	true
Exact k-mer matching                   	0
Mask residues                          	1
Mask residues probability              	0.9
Mask lower case residues               	0
Mask lower letter repeating N times    	0
Minimum diagonal score                 	15
Selected taxa                          	
Spaced k-mers                          	1
Spaced k-mer pattern                   	
Local temporary path                   	
Use GPU                                	0
Use GPU server                         	0
Wait for GPU server                    	600
Prefilter mode                         	0
Rescore mode                           	0
Remove hits by seq. id. and coverage   	false
Sort results                           	0
Mask profile                           	1
Profile E-value threshold              	0.001
Global sequence weighting              	false
Allow deletions                        	false
Filter MSA                             	1
Use filter only at N seqs              	0
Maximum seq. id. threshold             	0.9
Minimum seq. id.                       	0.0
Minimum score per column               	-20
Minimum coverage                       	0
Select N most diverse seqs             	1000
Pseudo count mode                      	0
Profile output mode                    	0
Min codons in orf                      	30
Max codons in length                   	32734
Max orf gaps                           	2147483647
Contig start mode                      	2
Contig end mode                        	2
Orf start mode                         	1
Forward frames                         	1,2,3
Reverse frames                         	1,2,3
Translation table                      	1
Translate orf                          	0
Use all table starts                   	false
Offset of numeric ids                  	0
Create lookup                          	0
Overlap between sequences              	0
Sequence split mode                    	1
Header split mode                      	0
Chain overlapping alignments           	0
Merge query                            	1
Search type                            	0
Search iterations                      	1
Start sensitivity                      	4
Search steps                           	1
Exhaustive search mode                 	false
Filter results during exhaustive search	0
Strand selection                       	1
LCA search mode                        	false
Disk space limit                       	0
MPI runner                             	
Force restart with latest tmp          	false
Remove temporary files                 	true
Translation mode                       	0
Alignment format                       	0
Format alignment output                	query,target,fident
Database output                        	false
Overlap threshold                      	0
Database type                          	0
Shuffle input database                 	true
Createdb mode                          	0
Write lookup file                      	0
Report mode                            	2
Greedy best hits                       	false

createdb /kaggle/working/protein-representation-generalization/experiments/05-family-transfer/.a2_search_jem147x5/archive/negative_queries.fasta /kaggle/working/protein-representation-generalization/experiments/05-family-transfer/.a2_search_jem147x5/scratch/9980268637224354367/query --threads 8 

Converting sequences
[
Time for merging to query_h: 0h 0m 0s 4ms
Time for merging to query: 0h 0m 0s 3ms
Database type: Aminoacid
Time for processing: 0h 0m 0s 20ms
createdb /kaggle/working/protein-representation-generalization/experiments/05-family-transfer/.a2_search_jem147x5/archive/positive_targets.fasta /kaggle/working/protein-representation-generalization/experiments/05-family-transfer/.a2_search_jem147x5/scratch/9980268637224354367/target --write-lookup 0 --threads 8 --gpu 0 

Converting sequences
[
Time for merging to target_h: 0h 0m 0s 2ms
Time for merging to target: 0h 0m 0s 2ms
Database type: Aminoacid
Time for processing: 0h 0m 0s 14ms
Create directory /kaggle/working/protein-representation-generalization/experiments/05-family-transfer/.a2_search_jem147x5/scratch/9980268637224354367/search_tmp
search /kaggle/working/protein-representation-generalization/experiments/05-family-transfer/.a2_search_jem147x5/scratch/9980268637224354367/query /kaggle/working/protein-representation-generalization/experiments/05-family-transfer/.a2_search_jem147x5/scratch/9980268637224354367/target /kaggle/working/protein-representation-generalization/experiments/05-family-transfer/.a2_search_jem147x5/scratch/9980268637224354367/result /kaggle/working/protein-representation-generalization/experiments/05-family-transfer/.a2_search_jem147x5/scratch/9980268637224354367/search_tmp --alignment-mode 3 -e 0.001 --min-seq-id 0.3 -c 0.8 --cov-mode 1 --threads 8 -s 7.5 --remove-tmp-files 1 

prefilter /kaggle/working/protein-representation-generalization/experiments/05-family-transfer/.a2_search_jem147x5/scratch/9980268637224354367/query /kaggle/working/protein-representation-generalization/experiments/05-family-transfer/.a2_search_jem147x5/scratch/9980268637224354367/target /kaggle/working/protein-representation-generalization/experiments/05-family-transfer/.a2_search_jem147x5/scratch/9980268637224354367/search_tmp/7020926467737814460/pref_0 --sub-mat 'aa:blosum62.out,nucl:nucleotide.out' --seed-sub-mat 'aa:VTML80.out,nucl:nucleotide.out' -k 0 --target-search-mode 0 --k-score seq:2147483647,prof:2147483647 --alph-size aa:21,nucl:5 --max-seq-len 65535 --max-seqs 300 --split 0 --split-mode 2 --split-memory-limit 0 -c 0.8 --cov-mode 1 --comp-bias-corr 1 --comp-bias-corr-scale 1 --diag-score 1 --exact-kmer-matching 0 --mask 1 --mask-prob 0.9 --mask-lower-case 0 --mask-n-repeat 0 --min-ungapped-score 15 --add-self-matches 0 --spaced-kmer-mode 1 --db-load-mode 0 --pca substitution:1.100,context:1.400 --pcb substitution:4.100,context:5.800 --threads 8 --compressed 0 -v 3 -s 7.5 

Query database size: 687 type: Aminoacid
Estimated memory consumption: 977M
Target database size: 9 type: Aminoacid
Index table k-mer threshold: 96 at k-mer size 6 
Index table: counting k-mers
[=================================================================] 9 0s 1ms
Index table: Masked residues: 60
Index table: fill
[=================================================================] 9 0s 1ms
Index statistics
Entries:          3357
DB size:          488 MB
Avg k-mer size:   0.000052
Top 10 k-mers
    LRTVNG	2
    ILWFKL	2
    KYDAAA	1
    GGEAAA	1
    FLIAAA	1
    VIPEAA	1
    VEQFAA	1
    WDTGAA	1
    AGVHAA	1
    YTEIAA	1
Time for index table init: 0h 0m 0s 785ms
Process prefiltering step 1 of 1

k-mer similarity threshold: 96
Starting prefiltering scores calculation (step 1 of 1)
Query db start 1 to 687
Target db start 1 to 9
[=================================================================] 687 3s 712ms

1409.282102 k-mers per position
131 DB matches per sequence
0 overflows
1 sequences passed prefiltering per query sequence
1 median result list length
7 sequences with 0 size result lists
Time for merging to pref_0: 0h 0m 0s 1ms
Time for processing: 0h 0m 6s 100ms
align /kaggle/working/protein-representation-generalization/experiments/05-family-transfer/.a2_search_jem147x5/scratch/9980268637224354367/query /kaggle/working/protein-representation-generalization/experiments/05-family-transfer/.a2_search_jem147x5/scratch/9980268637224354367/target /kaggle/working/protein-representation-generalization/experiments/05-family-transfer/.a2_search_jem147x5/scratch/9980268637224354367/search_tmp/7020926467737814460/pref_0 /kaggle/working/protein-representation-generalization/experiments/05-family-transfer/.a2_search_jem147x5/scratch/9980268637224354367/result --sub-mat 'aa:blosum62.out,nucl:nucleotide.out' -a 0 --alignment-mode 3 --alignment-output-mode 0 --wrapped-scoring 0 -e 0.001 --min-seq-id 0.3 --min-aln-len 0 --seq-id-mode 0 --alt-ali 0 -c 0.8 --cov-mode 1 --max-seq-len 65535 --comp-bias-corr 1 --comp-bias-corr-scale 1 --max-rejected 2147483647 --max-accept 2147483647 --add-self-matches 0 --db-load-mode 0 --pca substitution:1.100,context:1.400 --pcb substitution:4.100,context:5.800 --score-bias 0 --realign 0 --realign-score-bias -0.2 --realign-max-seqs 2147483647 --corr-score-weight 0 --gap-open aa:11,nucl:5 --gap-extend aa:1,nucl:2 --zdrop 40 --threads 8 --compressed 0 -v 3 

Compute score, coverage and sequence identity
Query database size: 687 type: Aminoacid
Target database size: 9 type: Aminoacid
Calculation of alignments
[=================================================================] 687 0s 54ms
Time for merging to result: 0h 0m 0s 0ms
218 alignments calculated
0 sequence pairs passed the thresholds (0.000000 of overall calculated)
0.000000 hits per query sequence
Time for processing: 0h 0m 0s 59ms
rmdb /kaggle/working/protein-representation-generalization/experiments/05-family-transfer/.a2_search_jem147x5/scratch/9980268637224354367/search_tmp/7020926467737814460/pref_0 -v 3 

Time for processing: 0h 0m 0s 0ms
rmdb /kaggle/working/protein-representation-generalization/experiments/05-family-transfer/.a2_search_jem147x5/scratch/9980268637224354367/search_tmp/7020926467737814460/aln_0 -v 3 

Time for processing: 0h 0m 0s 0ms
rmdb /kaggle/working/protein-representation-generalization/experiments/05-family-transfer/.a2_search_jem147x5/scratch/9980268637224354367/search_tmp/7020926467737814460/input_0 -v 3 

Time for processing: 0h 0m 0s 0ms
rmdb /kaggle/working/protein-representation-generalization/experiments/05-family-transfer/.a2_search_jem147x5/scratch/9980268637224354367/search_tmp/7020926467737814460/aln_merge -v 3 

Time for processing: 0h 0m 0s 0ms
convertalis /kaggle/working/protein-representation-generalization/experiments/05-family-transfer/.a2_search_jem147x5/scratch/9980268637224354367/query /kaggle/working/protein-representation-generalization/experiments/05-family-transfer/.a2_search_jem147x5/scratch/9980268637224354367/target /kaggle/working/protein-representation-generalization/experiments/05-family-transfer/.a2_search_jem147x5/scratch/9980268637224354367/result /kaggle/working/protein-representation-generalization/experiments/05-family-transfer/.a2_search_jem147x5/archive/raw_hits.tsv --sub-mat 'aa:blosum62.out,nucl:nucleotide.out' --format-mode 0 --format-output query,target,fident --translation-table 1 --gap-open aa:11,nucl:5 --gap-extend aa:1,nucl:2 --db-output 0 --db-load-mode 0 --search-type 0 --threads 8 --compressed 0 -v 3 

[=================================================================] 687 0s 1ms
Time for merging to raw_hits.tsv: 0h 0m 0s 1ms
Time for processing: 0h 0m 0s 6ms
rmdb /kaggle/working/protein-representation-generalization/experiments/05-family-transfer/.a2_search_jem147x5/scratch/9980268637224354367/result -v 3 

Time for processing: 0h 0m 0s 0ms
rmdb /kaggle/working/protein-representation-generalization/experiments/05-family-transfer/.a2_search_jem147x5/scratch/9980268637224354367/target -v 3 

Time for processing: 0h 0m 0s 0ms
rmdb /kaggle/working/protein-representation-generalization/experiments/05-family-transfer/.a2_search_jem147x5/scratch/9980268637224354367/target_h -v 3 

Time for processing: 0h 0m 0s 0ms
rmdb /kaggle/working/protein-representation-generalization/experiments/05-family-transfer/.a2_search_jem147x5/scratch/9980268637224354367/query -v 3 

Time for processing: 0h 0m 0s 0ms
rmdb /kaggle/working/protein-representation-generalization/experiments/05-family-transfer/.a2_search_jem147x5/scratch/9980268637224354367/query_h -v 3 

Time for processing: 0h 0m 0s 0ms
