OPENING/RESUMING S7 STEP-4b DIAGNOSTIC 930001-930100.
910001-910100 remains consumed/closed.
920001-920100 remains consumed/closed.
4000-4099 remains unopened.
2000-2099 remains sealed.
No gamma is selected by this diagnostic.
[cell start] tau_index=0 tau=0.223606797749979 N=100
[cell checkpointed] tau_index=0 N=100
[cell start] tau_index=0 tau=0.223606797749979 N=120
[cell checkpointed] tau_index=0 N=120
[cell start] tau_index=0 tau=0.223606797749979 N=139
[cell checkpointed] tau_index=0 N=139
[cell start] tau_index=1 tau=0.447213595499958 N=100
[cell checkpointed] tau_index=1 N=100
[cell start] tau_index=1 tau=0.447213595499958 N=120
[cell checkpointed] tau_index=1 N=120
[cell start] tau_index=1 tau=0.447213595499958 N=139
[cell checkpointed] tau_index=1 N=139
[cell start] tau_index=2 tau=0.6708203932499369 N=100
[cell checkpointed] tau_index=2 N=100
[cell start] tau_index=2 tau=0.6708203932499369 N=120
[cell checkpointed] tau_index=2 N=120
[cell start] tau_index=2 tau=0.6708203932499369 N=139
[cell checkpointed] tau_index=2 N=139
[cell start] tau_index=3 tau=0.894427190999916 N=100
[cell checkpointed] tau_index=3 N=100
[cell start] tau_index=3 tau=0.894427190999916 N=120
[cell checkpointed] tau_index=3 N=120
[cell start] tau_index=3 tau=0.894427190999916 N=139
[cell checkpointed] tau_index=3 N=139
[cell start] tau_index=4 tau=1.118033988749895 N=100
[cell checkpointed] tau_index=4 N=100
[cell start] tau_index=4 tau=1.118033988749895 N=120
[cell checkpointed] tau_index=4 N=120
[cell start] tau_index=4 tau=1.118033988749895 N=139
[cell checkpointed] tau_index=4 N=139
[cell start] tau_index=5 tau=1.6770509831248424 N=100
[cell checkpointed] tau_index=5 N=100
[cell start] tau_index=5 tau=1.6770509831248424 N=120
[cell checkpointed] tau_index=5 N=120
[cell start] tau_index=5 tau=1.6770509831248424 N=139
[cell checkpointed] tau_index=5 N=139
[cell start] tau_index=6 tau=2.23606797749979 N=100
[cell checkpointed] tau_index=6 N=100
[cell start] tau_index=6 tau=2.23606797749979 N=120
[cell checkpointed] tau_index=6 N=120
[cell start] tau_index=6 tau=2.23606797749979 N=139
[cell checkpointed] tau_index=6 N=139
[cell start] tau_index=7 tau=2.7950849718747373 N=100
[cell checkpointed] tau_index=7 N=100
[cell start] tau_index=7 tau=2.7950849718747373 N=120
[cell checkpointed] tau_index=7 N=120
[cell start] tau_index=7 tau=2.7950849718747373 N=139
[cell checkpointed] tau_index=7 N=139
[cell start] tau_index=8 tau=3.3541019662496847 N=100
[cell checkpointed] tau_index=8 N=100
[cell start] tau_index=8 tau=3.3541019662496847 N=120
[cell checkpointed] tau_index=8 N=120
[cell start] tau_index=8 tau=3.3541019662496847 N=139
[cell checkpointed] tau_index=8 N=139

S7 STEP-4b DIAGNOSTIC COMPLETE.
Raw perturbations : /kaggle/working/protein-representation-generalization/experiments/04-depth-and-basis/s7_step4b_execution_provenance/protected_execution_attempt_03/diagnostic_output/s7_step4b_per_perturbation.csv
Pairwise Jaccards : /kaggle/working/protein-representation-generalization/experiments/04-depth-and-basis/s7_step4b_execution_provenance/protected_execution_attempt_03/diagnostic_output/s7_step4b_pairwise_jaccard.csv
Cell summaries    : /kaggle/working/protein-representation-generalization/experiments/04-depth-and-basis/s7_step4b_execution_provenance/protected_execution_attempt_03/diagnostic_output/s7_step4b_cell_summary.csv
Archive manifest  : /kaggle/working/protein-representation-generalization/experiments/04-depth-and-basis/s7_step4b_execution_provenance/protected_execution_attempt_03/diagnostic_output/s7_step4b_archive_manifest.json
Candidate verdict : /kaggle/working/protein-representation-generalization/experiments/04-depth-and-basis/s7_step4b_execution_provenance/protected_execution_attempt_03/diagnostic_output/s7_step4b_candidate_verdict.json
Elapsed seconds   : 1718.8
No gamma threshold was selected.
No validation seed was used.
No biological activation was accessed.
